// Jest Snapshot v1, https://goo.gl/fbAQLP

exports[`matches editing snapshot 1`] = `[Function]`;

exports[`matches snapshot 1`] = `[Function]`;
